
> vite_react_shadcn_ts@0.0.0 build
> vite build

[36mvite v5.4.19 [32mbuilding for production...[36m[39m
transforming...
Browserslist: browsers data (caniuse-lite) is 7 months old. Please run:
  npx update-browserslist-db@latest
  Why you should do it regularly: https://github.com/browserslist/update-db#readme
[32mΓ£ô[39m 2928 modules transformed.
rendering chunks...
computing gzip size...
[2mdist/[22m[32mindex.html                                                 [39m[1m[2m    1.35 kB[22m[1m[22m[2m Γöé gzip:   0.61 kB[22m
[2mdist/[22m[32massets/space-grotesk-vietnamese-700-normal-DMty7AZE.woff2  [39m[1m[2m    4.20 kB[22m[1m[22m
[2mdist/[22m[32massets/space-grotesk-vietnamese-400-normal-B7xT_GF5.woff2  [39m[1m[2m    4.30 kB[22m[1m[22m
[2mdist/[22m[32massets/space-grotesk-vietnamese-600-normal-DUi7WF5p.woff2  [39m[1m[2m    4.31 kB[22m[1m[22m
[2mdist/[22m[32massets/space-grotesk-vietnamese-500-normal-BmEvtly_.woff2  [39m[1m[2m    4.32 kB[22m[1m[22m
[2mdist/[22m[32massets/inter-vietnamese-400-normal-DMkecbls.woff2          [39m[1m[2m    4.97 kB[22m[1m[22m
[2mdist/[22m[32massets/inter-vietnamese-600-normal-Cc8MFFhd.woff2          [39m[1m[2m    5.10 kB[22m[1m[22m
[2mdist/[22m[32massets/inter-vietnamese-500-normal-DOriooB6.woff2          [39m[1m[2m    5.11 kB[22m[1m[22m
[2mdist/[22m[32massets/inter-greek-ext-400-normal-DGGRlc-M.woff2           [39m[1m[2m    5.26 kB[22m[1m[22m
[2mdist/[22m[32massets/inter-greek-ext-500-normal-C4iEst2y.woff2           [39m[1m[2m    5.43 kB[22m[1m[22m
[2mdist/[22m[32massets/inter-greek-ext-600-normal-DRtmH8MT.woff2           [39m[1m[2m    5.43 kB[22m[1m[22m
[2mdist/[22m[32massets/space-grotesk-vietnamese-700-normal-Duxec5Rn.woff   [39m[1m[2m    5.59 kB[22m[1m[22m
[2mdist/[22m[32massets/space-grotesk-vietnamese-600-normal-D6zpsUhD.woff   [39m[1m[2m    5.70 kB[22m[1m[22m
[2mdist/[22m[32massets/space-grotesk-vietnamese-500-normal-BTqKIpxg.woff   [39m[1m[2m    5.72 kB[22m[1m[22m
[2mdist/[22m[32massets/space-grotesk-vietnamese-400-normal-BIWiOVfw.woff   [39m[1m[2m    5.73 kB[22m[1m[22m
[2mdist/[22m[32massets/inter-vietnamese-400-normal-Bbgyi5SW.woff           [39m[1m[2m    6.50 kB[22m[1m[22m
[2mdist/[22m[32massets/inter-vietnamese-500-normal-mJboJaSs.woff           [39m[1m[2m    6.60 kB[22m[1m[22m
[2mdist/[22m[32massets/inter-vietnamese-600-normal-BuLX-rYi.woff           [39m[1m[2m    6.64 kB[22m[1m[22m
[2mdist/[22m[32massets/inter-greek-ext-400-normal-KugGGMne.woff            [39m[1m[2m    7.06 kB[22m[1m[22m
[2mdist/[22m[32massets/inter-greek-ext-500-normal-2j5mBUwD.woff            [39m[1m[2m    7.19 kB[22m[1m[22m
[2mdist/[22m[32massets/inter-greek-ext-600-normal-B8X0CLgF.woff            [39m[1m[2m    7.21 kB[22m[1m[22m
[2mdist/[22m[32massets/inter-cyrillic-400-normal-obahsSVq.woff2            [39m[1m[2m    7.71 kB[22m[1m[22m
[2mdist/[22m[32massets/inter-greek-400-normal-B4URO6DV.woff2               [39m[1m[2m    7.78 kB[22m[1m[22m
[2mdist/[22m[32massets/inter-cyrillic-500-normal-BasfLYem.woff2            [39m[1m[2m    7.90 kB[22m[1m[22m
[2mdist/[22m[32massets/inter-greek-500-normal-BIZE56-Y.woff2               [39m[1m[2m    7.92 kB[22m[1m[22m
[2mdist/[22m[32massets/inter-greek-600-normal-plRanbMR.woff2               [39m[1m[2m    7.94 kB[22m[1m[22m
[2mdist/[22m[32massets/inter-cyrillic-600-normal-CWCymEST.woff2            [39m[1m[2m    7.97 kB[22m[1m[22m
[2mdist/[22m[32massets/inter-cyrillic-400-normal-HOLc17fK.woff             [39m[1m[2m    9.78 kB[22m[1m[22m
[2mdist/[22m[32massets/inter-greek-400-normal-q2sYcFCs.woff                [39m[1m[2m    9.92 kB[22m[1m[22m
[2mdist/[22m[32massets/inter-cyrillic-600-normal-4D_pXhcN.woff             [39m[1m[2m    9.94 kB[22m[1m[22m
[2mdist/[22m[32massets/inter-cyrillic-500-normal-CxZf_p3X.woff             [39m[1m[2m    9.94 kB[22m[1m[22m
[2mdist/[22m[32massets/inter-greek-500-normal-Xzm54t5V.woff                [39m[1m[2m    9.98 kB[22m[1m[22m
[2mdist/[22m[32massets/inter-greek-600-normal-BZpKdvQh.woff                [39m[1m[2m   10.03 kB[22m[1m[22m
[2mdist/[22m[32massets/inter-cyrillic-ext-400-normal-BQZuk6qB.woff2        [39m[1m[2m   10.23 kB[22m[1m[22m
[2mdist/[22m[32massets/inter-cyrillic-ext-500-normal-B0yAr1jD.woff2        [39m[1m[2m   10.43 kB[22m[1m[22m
[2mdist/[22m[32massets/inter-cyrillic-ext-600-normal-Dfes3d0z.woff2        [39m[1m[2m   10.48 kB[22m[1m[22m
[2mdist/[22m[32massets/space-grotesk-latin-ext-700-normal-BQnZhY3m.woff2   [39m[1m[2m   11.99 kB[22m[1m[22m
[2mdist/[22m[32massets/space-grotesk-latin-ext-400-normal-CfP_5XZW.woff2   [39m[1m[2m   12.26 kB[22m[1m[22m
[2mdist/[22m[32massets/space-grotesk-latin-ext-500-normal-DUe3BAxM.woff2   [39m[1m[2m   12.27 kB[22m[1m[22m
[2mdist/[22m[32massets/space-grotesk-latin-ext-600-normal-DxxdqCpr.woff2   [39m[1m[2m   12.29 kB[22m[1m[22m
[2mdist/[22m[32massets/space-grotesk-latin-700-normal-RjhwGPKo.woff2       [39m[1m[2m   12.84 kB[22m[1m[22m
[2mdist/[22m[32massets/space-grotesk-latin-600-normal-DjKNqYRj.woff2       [39m[1m[2m   13.28 kB[22m[1m[22m
[2mdist/[22m[32massets/space-grotesk-latin-500-normal-lFbtlQH6.woff2       [39m[1m[2m   13.31 kB[22m[1m[22m
[2mdist/[22m[32massets/inter-cyrillic-ext-400-normal-DQukG94-.woff         [39m[1m[2m   13.34 kB[22m[1m[22m
[2mdist/[22m[32massets/space-grotesk-latin-400-normal-CJ-V5oYT.woff2       [39m[1m[2m   13.39 kB[22m[1m[22m
[2mdist/[22m[32massets/inter-cyrillic-ext-500-normal-BmqWE9Dz.woff         [39m[1m[2m   13.45 kB[22m[1m[22m
[2mdist/[22m[32massets/inter-cyrillic-ext-600-normal-Bcila6Z-.woff         [39m[1m[2m   13.46 kB[22m[1m[22m
[2mdist/[22m[32massets/space-grotesk-latin-700-normal-CwsQ-cCU.woff        [39m[1m[2m   16.42 kB[22m[1m[22m
[2mdist/[22m[32massets/space-grotesk-latin-ext-700-normal-HVCqSBdx.woff    [39m[1m[2m   16.46 kB[22m[1m[22m
[2mdist/[22m[32massets/space-grotesk-latin-ext-600-normal-VcznFIpX.woff    [39m[1m[2m   16.73 kB[22m[1m[22m
[2mdist/[22m[32massets/space-grotesk-latin-ext-400-normal-DRPE3kg4.woff    [39m[1m[2m   16.79 kB[22m[1m[22m
[2mdist/[22m[32massets/space-grotesk-latin-ext-500-normal-3dgZTiw9.woff    [39m[1m[2m   16.79 kB[22m[1m[22m
[2mdist/[22m[32massets/space-grotesk-latin-600-normal-BflQw4A9.woff        [39m[1m[2m   16.88 kB[22m[1m[22m
[2mdist/[22m[32massets/space-grotesk-latin-500-normal-CNSSEhBt.woff        [39m[1m[2m   16.99 kB[22m[1m[22m
[2mdist/[22m[32massets/space-grotesk-latin-400-normal-BnQMeOim.woff        [39m[1m[2m   17.00 kB[22m[1m[22m
[2mdist/[22m[32massets/inter-latin-400-normal-C38fXH4l.woff2               [39m[1m[2m   23.66 kB[22m[1m[22m
[2mdist/[22m[32massets/inter-latin-500-normal-Cerq10X2.woff2               [39m[1m[2m   24.27 kB[22m[1m[22m
[2mdist/[22m[32massets/inter-latin-600-normal-LgqL8muc.woff2               [39m[1m[2m   24.45 kB[22m[1m[22m
[2mdist/[22m[32massets/inter-latin-400-normal-CyCys3Eg.woff                [39m[1m[2m   30.70 kB[22m[1m[22m
[2mdist/[22m[32massets/inter-latin-600-normal-CiBQ2DWP.woff                [39m[1m[2m   31.26 kB[22m[1m[22m
[2mdist/[22m[32massets/inter-latin-500-normal-BL9OpVg8.woff                [39m[1m[2m   31.28 kB[22m[1m[22m
[2mdist/[22m[32massets/inter-latin-ext-400-normal-C1nco2VV.woff2           [39m[1m[2m   35.00 kB[22m[1m[22m
[2mdist/[22m[32massets/inter-latin-ext-500-normal-CV4jyFjo.woff2           [39m[1m[2m   36.02 kB[22m[1m[22m
[2mdist/[22m[32massets/inter-latin-ext-600-normal-D2bJ5OIk.woff2           [39m[1m[2m   36.26 kB[22m[1m[22m
[2mdist/[22m[32massets/inter-latin-ext-400-normal-77YHD8bZ.woff            [39m[1m[2m   47.56 kB[22m[1m[22m
[2mdist/[22m[32massets/inter-latin-ext-500-normal-BxGbmqWO.woff            [39m[1m[2m   48.49 kB[22m[1m[22m
[2mdist/[22m[32massets/inter-latin-ext-600-normal-CIVaiw4L.woff            [39m[1m[2m   48.67 kB[22m[1m[22m
[2mdist/[22m[35massets/index-CMKU5m4C.css                                  [39m[1m[2m  102.69 kB[22m[1m[22m[2m Γöé gzip:  16.23 kB[22m
[2mdist/[22m[36massets/index-BXTjuE69.js                                   [39m[1m[33m1,250.59 kB[39m[22m[2m Γöé gzip: 352.59 kB[22m

(!) Some chunks are larger than 500 kB after minification. Consider:
- Using dynamic import() to code-split the application
- Use build.rollupOptions.output.manualChunks to improve chunking: https://rollupjs.org/configuration-options/#output-manualchunks
- Adjust chunk size limit for this warning via build.chunkSizeWarningLimit.
[32mΓ£ô built in 11.26s[39m
